// Jest Snapshot v1, https://goo.gl/fbAQLP

exports[`BrokerView.js unit tests Should render without errors 1`] = `
<div
  className="brokerView"
  onClick={[Function]}
  onKeyPress={[Function]}
  role="button"
  style={
    Object {
      "backgroundColor": "#DC143C",
    }
  }
  tabIndex="0"
>
  <BrokerHeader />
  <BrokerTopicsView />
</div>
`;
