// Jest Snapshot v1, https://goo.gl/fbAQLP

exports[`Connection.js unit tests Renders without errors 1`] = `
<div
  className="connection-box"
>
  <div
    className="connection-form container"
  >
    <form>
      <div>
        <p
          id="label-instructions"
        >
          Enter Your Kafka Server URI
        </p>
        <input
          id="uri-input"
          onChange={[MockFunction]}
          type="text"
        />
      </div>
      <button
        className="btn waves-effect waves-light"
        id="connect-button"
        onClick={[MockFunction]}
        type="submit"
      >
        Connect
      </button>
    </form>
  </div>
  <div
    className="loading-bars"
  />
  <footer
    className="footer"
  >
    <img
      alt=""
      src={
        Object {
          "process": [Function],
        }
      }
    />
    <p
      className="FooterText"
    >
      Â© Kafka Lens Version 2.0 
    </p>
  </footer>
</div>
`;
