// Jest Snapshot v1, https://goo.gl/fbAQLP

exports[`MessageList.js unit tests Should render without errors 1`] = `
<div
  className="message-list"
>
  <Message
    id={0}
  />
  <Message
    id={1}
  />
  <Message
    id={2}
  />
  <Message
    id={3}
  />
  <Message
    id={4}
  />
</div>
`;
