// Jest Snapshot v1, https://goo.gl/fbAQLP

exports[`Topic.js unit tests Should render without errors 1`] = `
<div
  className="topic-header"
>
  <div
    className="topic-padding"
    id={1}
    onClick={[MockFunction]}
    onKeyPress={[MockFunction]}
    role="button"
    tabIndex="0"
    topicname="test1"
  >
    test1
  </div>
</div>
`;
